╔════════════════════════════════════════════════════════════════════════════╗
║      FULLY OPTIMIZED GPU EQUILIBRATION - VERSION 2 - MULTIPLE EPSILON      ║
║                                                                            ║
║ USING: 2_equilibrate_version_2.lmp (PPPM locked + GPU optimized)          ║
╚════════════════════════════════════════════════════════════════════════════╝

Configuration:
  GPU:                  NVIDIA A100 (CUDA_VISIBLE_DEVICES=0)
  System:               3 C60 + ~2000 water (~6180 atoms)
  Box size:             40×40×40 Å³
  Target density:       0.99 g/cm³
  Epsilon values:       0.0 0.05 0.10 0.15 0.20 0.25
  CPU cores per job:    4 threads (c0-c3, c4-c7, c8-c11, c12-c15, c16-c19, c20-c23)
  OMP threads per job:  4
  Max parallel jobs:    6
  Random seed:          42

LAMMPS Script Improvements (Version 2):
  ✅ PPPM grid locked:      50×50×50 (prevents 169k atm spike)
  ✅ Pre-equilibration:     100 atm stage (reduces initial pressure)
  ✅ Pressure ramp:         100→1 atm over 100 ps (gentler + drag)
  ✅ GPU PPPM:              pppm/tip4p/gpu (4-5× faster!)
  ✅ Timestep:              2 fs with SHAKE (2× faster!)
  ✅ Total simulation:      5.22 ns (50ps NVT + 50ps pre-eq + 100ps ramp + 1ns NPT + 4ns prod)
  ✅ Checkpoints:           4 stages (catches failures early)

Expected Results:
  Density:    0.95-1.05 g/cm³ (liquid phase, target 0.99)
  Box size:   38-42 Å (stable, starting at 40)
  Volume:     ~64,000 Å³ (for 0.99 g/cm³)
  Runtime:    ~60-90 min per simulation (5.22 ns, ~5541 atoms, GPU accelerated)

════════════════════════════════════════════════════════════════════════════

Simulation started at: Mon Nov 17 10:54:24 PM IST 2025

Using GNU parallel for job management...

[Eps=0.0]	[22:54:24] Starting epsilon=0.0 (Job 1, Cores c0-c3)
[Eps=0.0]	/store/shuvam/solvent_effects/6ns_sim/6ns_sim_v2/epsilon_0.0
[Eps=0.05]	[22:54:24] Starting epsilon=0.05 (Job 2, Cores c4-c7)
[Eps=0.05]	/store/shuvam/solvent_effects/6ns_sim/6ns_sim_v2/epsilon_0.05
[Eps=0.10]	[22:54:24] Starting epsilon=0.10 (Job 3, Cores c8-c11)
[Eps=0.10]	/store/shuvam/solvent_effects/6ns_sim/6ns_sim_v2/epsilon_0.10
[Eps=0.15]	[22:54:24] Starting epsilon=0.15 (Job 4, Cores c12-c15)
[Eps=0.15]	/store/shuvam/solvent_effects/6ns_sim/6ns_sim_v2/epsilon_0.15
[Eps=0.20]	[22:54:24] Starting epsilon=0.20 (Job 5, Cores c16-c19)
[Eps=0.20]	/store/shuvam/solvent_effects/6ns_sim/6ns_sim_v2/epsilon_0.20
[Eps=0.25]	[22:54:24] Starting epsilon=0.25 (Job 6, Cores c20-c23)
[Eps=0.25]	/store/shuvam/solvent_effects/6ns_sim/6ns_sim_v2/epsilon_0.25
╔════════════════════════════════════════════════════════════════════════════╗
║      FULLY OPTIMIZED GPU EQUILIBRATION - VERSION 2 - MULTIPLE EPSILON      ║
║                                                                            ║
║ USING: 2_equilibrate_version_2.lmp (PPPM locked + GPU optimized)          ║
╚════════════════════════════════════════════════════════════════════════════╝

Configuration:
  LAMMPS Binary:        /home/iiserk/sbs/solvent/lammps-install/bin/lmp_mpi
  Library Path:         /home/iiserk/sbs/solvent/lammps-install/lib64
  Results Directory:    /home/iiserk/sbs/solvent/6ns_sim_v2
  GPU:                  NVIDIA A100 (CUDA_VISIBLE_DEVICES=0)
  System:               3 C60 + ~2000 water (~6180 atoms)
  Box size:             40×40×40 Å³
  Target density:       0.99 g/cm³
  Epsilon values:       0.30 0.35 0.40 0.45 0.50 0.55
  CPU cores per job:    10 cores per job (64 cores / 6 jobs)
  OMP threads per job:  10
  Max parallel jobs:    6
  Random seed:          42

Verifying LAMMPS installation...
✓ LAMMPS binary found

LAMMPS Script Improvements (Version 2):
  ✅ PPPM grid locked:      50×50×50 (prevents 169k atm spike)
  ✅ Pre-equilibration:     100 atm stage (reduces initial pressure)
  ✅ Pressure ramp:         100→1 atm over 100 ps (gentler + drag)
  ✅ GPU PPPM:              pppm/tip4p/gpu (4-5× faster!)
  ✅ Timestep:              2 fs with SHAKE (2× faster!)
  ✅ Total simulation:      5.22 ns (50ps NVT + 50ps pre-eq + 100ps ramp + 1ns NPT + 4ns prod)
  ✅ Checkpoints:           4 stages (catches failures early)

Expected Results:
  Density:    0.95-1.05 g/cm³ (liquid phase, target 0.99)
  Box size:   38-42 Å (stable, starting at 40)
  Volume:     ~64,000 Å³ (for 0.99 g/cm³)
  Runtime:    ~60-90 min per simulation (5.22 ns, ~5541 atoms, GPU accelerated)

════════════════════════════════════════════════════════════════════════════

Simulation started at: Tue Nov 18 02:49:45 AM IST 2025

GNU parallel not found. Using background jobs...
Note: For better performance, install: sudo apt install parallel

[02:49:45] Starting epsilon=0.30 (Job 1, Cores 0-9)
/home/iiserk/sbs/solvent/6ns_sim_v2/epsilon_0.30
[02:49:50] Starting epsilon=0.35 (Job 2, Cores 10-19)
/home/iiserk/sbs/solvent/6ns_sim_v2/epsilon_0.35
[02:49:55] Starting epsilon=0.40 (Job 3, Cores 20-29)
/home/iiserk/sbs/solvent/6ns_sim_v2/epsilon_0.40
[02:50:00] Starting epsilon=0.45 (Job 4, Cores 30-39)
/home/iiserk/sbs/solvent/6ns_sim_v2/epsilon_0.45
[02:50:05] Starting epsilon=0.50 (Job 5, Cores 40-49)
/home/iiserk/sbs/solvent/6ns_sim_v2/epsilon_0.50
[02:50:10] Starting epsilon=0.55 (Job 6, Cores 50-59)
/home/iiserk/sbs/solvent/6ns_sim_v2/epsilon_0.55

Waiting for all jobs to complete...
[06:46:36] ✗ FAILED: epsilon=0.40 (exit code: 1)
  Error details:
    Cuda driver error 4 in call at file '/home/iiserk/sbs/solvent/mylammps_v2/lib/gpu/geryon/nvd_timer.h' in line 99.
    Cuda driver error 4 in call at file '/home/iiserk/sbs/solvent/mylammps_v2/lib/gpu/geryon/nvd_timer.h' in line 98.
    Cuda driver error 4 in call at file '/home/iiserk/sbs/solvent/mylammps_v2/lib/gpu/geryon/nvd_timer.h' in line 99.
[07:10:34] ✗ FAILED: epsilon=0.55 (exit code: 1)
  Error details:
    Cuda driver error 4 in call at file '/home/iiserk/sbs/solvent/mylammps_v2/lib/gpu/geryon/nvd_timer.h' in line 99.
    Cuda driver error 4 in call at file '/home/iiserk/sbs/solvent/mylammps_v2/lib/gpu/geryon/nvd_timer.h' in line 98.
    Cuda driver error 4 in call at file '/home/iiserk/sbs/solvent/mylammps_v2/lib/gpu/geryon/nvd_timer.h' in line 99.
[07:12:19] ✗ FAILED: epsilon=0.50 (exit code: 1)
  Error details:
    Cuda driver error 4 in call at file '/home/iiserk/sbs/solvent/mylammps_v2/lib/gpu/geryon/nvd_timer.h' in line 99.
    Cuda driver error 4 in call at file '/home/iiserk/sbs/solvent/mylammps_v2/lib/gpu/geryon/nvd_timer.h' in line 98.
    Cuda driver error 4 in call at file '/home/iiserk/sbs/solvent/mylammps_v2/lib/gpu/geryon/nvd_timer.h' in line 99.
[07:13:23] ✗ FAILED: epsilon=0.30 (exit code: 1)
  Error details:
    Cuda driver error 4 in call at file '/home/iiserk/sbs/solvent/mylammps_v2/lib/gpu/geryon/nvd_timer.h' in line 99.
    Cuda driver error 4 in call at file '/home/iiserk/sbs/solvent/mylammps_v2/lib/gpu/geryon/nvd_timer.h' in line 98.
    Cuda driver error 4 in call at file '/home/iiserk/sbs/solvent/mylammps_v2/lib/gpu/geryon/nvd_timer.h' in line 99.
[07:17:22] ✗ FAILED: epsilon=0.35 (exit code: 1)
  Error details:
    Cuda driver error 4 in call at file '/home/iiserk/sbs/solvent/mylammps_v2/lib/gpu/geryon/nvd_timer.h' in line 99.
    Cuda driver error 4 in call at file '/home/iiserk/sbs/solvent/mylammps_v2/lib/gpu/geryon/nvd_timer.h' in line 98.
    Cuda driver error 4 in call at file '/home/iiserk/sbs/solvent/mylammps_v2/lib/gpu/geryon/nvd_timer.h' in line 99.
[07:25:42] ✗ FAILED: epsilon=0.45 (exit code: 1)
  Error details:
    Cuda driver error 4 in call at file '/home/iiserk/sbs/solvent/mylammps_v2/lib/gpu/geryon/nvd_timer.h' in line 99.
    Cuda driver error 4 in call at file '/home/iiserk/sbs/solvent/mylammps_v2/lib/gpu/geryon/nvd_timer.h' in line 98.
    Cuda driver error 4 in call at file '/home/iiserk/sbs/solvent/mylammps_v2/lib/gpu/geryon/nvd_timer.h' in line 99.

╔════════════════════════════════════════════════════════════════════════════╗
║                    CORRECTED SIMULATION SUMMARY                            ║
╚════════════════════════════════════════════════════════════════════════════╝
Total elapsed time: 1715m 57s

Results:
─────────────────────────────────────────────────────────────────────────────
grep: epsilon_0.30/equilibration.log: binary file matches
(standard_in) 1: illegal character: :
(standard_in) 1: illegal character: :
  ⚠ ε = 0.30: COMPLETED (ρ = density: g/cm³ - CHECK VALIDITY)
grep: epsilon_0.35/equilibration.log: binary file matches
(standard_in) 1: illegal character: :
(standard_in) 1: illegal character: :
  ⚠ ε = 0.35: COMPLETED (ρ = density: g/cm³ - CHECK VALIDITY)
grep: epsilon_0.40/equilibration.log: binary file matches
(standard_in) 1: illegal character: :
(standard_in) 1: illegal character: :
  ⚠ ε = 0.40: COMPLETED (ρ = density: g/cm³ - CHECK VALIDITY)
grep: epsilon_0.45/equilibration.log: binary file matches
(standard_in) 1: illegal character: :
(standard_in) 1: illegal character: :
  ⚠ ε = 0.45: COMPLETED (ρ = density: g/cm³ - CHECK VALIDITY)
grep: epsilon_0.50/equilibration.log: binary file matches
(standard_in) 1: illegal character: :
(standard_in) 1: illegal character: :
  ⚠ ε = 0.50: COMPLETED (ρ = density: g/cm³ - CHECK VALIDITY)
grep: epsilon_0.55/equilibration.log: binary file matches
(standard_in) 1: illegal character: :
(standard_in) 1: illegal character: :
  ⚠ ε = 0.55: COMPLETED (ρ = density: g/cm³ - CHECK VALIDITY)
─────────────────────────────────────────────────────────────────────────────

⚠️  SOME SIMULATIONS NEED ATTENTION

Troubleshooting:
  1. Check equilibration logs: cat epsilon_X.XX/equilibration.log
  2. Check LAMMPS output:      cat epsilon_X.XX/equil_run.out
  3. Verify GPU availability: nvidia-smi
  4. Check system resources:  free -h

════════════════════════════════════════════════════════════════════════════

Analysis and comparison commands:
  # Validate one epsilon manually
  head -20 epsilon_0.05/production_thermo.dat

  # Compare densities across all epsilon
  for eps in 0.30 0.35 0.40 0.45 0.50 0.55; do
    dens=$(grep 'Current density:' epsilon_$eps/equilibration.log | tail -1 | awk '{print $3}')
    echo "ε=$eps: ρ=$dens g/cm³"
  done

════════════════════════════════════════════════════════════════════════════
╔════════════════════════════════════════════════════════════════════════════╗
║      FULLY OPTIMIZED GPU EQUILIBRATION - VERSION 2 - MULTIPLE EPSILON      ║
║                                                                            ║
║ USING: 2_equilibrate_version_2.lmp (PPPM locked + GPU optimized)          ║
╚════════════════════════════════════════════════════════════════════════════╝

Configuration:
  LAMMPS Binary:        /home/iiserk/sbs/solvent/lammps-install/bin/lmp_mpi
  Library Path:         /home/iiserk/sbs/solvent/lammps-install/lib64
  Results Directory:    /home/iiserk/sbs/solvent/6ns_sim_v2
  GPU:                  NVIDIA A100 (CUDA_VISIBLE_DEVICES=0)
  System:               3 C60 + ~2000 water (~6180 atoms)
  Box size:             40×40×40 Å³
  Target density:       0.99 g/cm³
  Epsilon values:       0.55 0.60 0.65 0.70 0.75 0.80 0.85 0.90 0.95 1.0 1.05 1.10
  CPU cores per job:    5 cores per job (64 cores / 6 jobs)
  OMP threads per job:  5
  Max parallel jobs:    12
  Random seed:          42

Verifying LAMMPS installation...
✓ LAMMPS binary found

LAMMPS Script Improvements (Version 2):
  ✅ PPPM grid locked:      50×50×50 (prevents 169k atm spike)
  ✅ Pre-equilibration:     100 atm stage (reduces initial pressure)
  ✅ Pressure ramp:         100→1 atm over 100 ps (gentler + drag)
  ✅ GPU PPPM:              pppm/tip4p/gpu (4-5× faster!)
  ✅ Timestep:              2 fs with SHAKE (2× faster!)
  ✅ Total simulation:      5.22 ns (50ps NVT + 50ps pre-eq + 100ps ramp + 1ns NPT + 4ns prod)
  ✅ Checkpoints:           4 stages (catches failures early)

Expected Results:
  Density:    0.95-1.05 g/cm³ (liquid phase, target 0.99)
  Box size:   38-42 Å (stable, starting at 40)
  Volume:     ~64,000 Å³ (for 0.99 g/cm³)
  Runtime:    ~60-90 min per simulation (5.22 ns, ~5541 atoms, GPU accelerated)

════════════════════════════════════════════════════════════════════════════

Simulation started at: Tue Nov 25 12:12:22 AM IST 2025

Using GNU parallel for job management...

[Eps=0.60]	[00:12:23] Starting epsilon=0.60 (Job 2, Cores 5-9)
[Eps=0.60]	/home/iiserk/sbs/solvent/6ns_sim_v2/epsilon_0.60
[Eps=0.75]	[00:12:23] Starting epsilon=0.75 (Job 5, Cores 20-24)
[Eps=0.75]	/home/iiserk/sbs/solvent/6ns_sim_v2/epsilon_0.75
[Eps=0.55]	[00:12:23] Starting epsilon=0.55 (Job 1, Cores 0-4)
[Eps=0.55]	/home/iiserk/sbs/solvent/6ns_sim_v2/epsilon_0.55
[Eps=0.70]	[00:12:23] Starting epsilon=0.70 (Job 4, Cores 15-19)
[Eps=0.70]	/home/iiserk/sbs/solvent/6ns_sim_v2/epsilon_0.70
[Eps=0.65]	[00:12:23] Starting epsilon=0.65 (Job 3, Cores 10-14)
[Eps=0.65]	/home/iiserk/sbs/solvent/6ns_sim_v2/epsilon_0.65
[Eps=0.80]	[00:12:23] Starting epsilon=0.80 (Job 6, Cores 25-29)
[Eps=0.80]	/home/iiserk/sbs/solvent/6ns_sim_v2/epsilon_0.80
[Eps=0.85]	[00:12:23] Starting epsilon=0.85 (Job 7, Cores 30-34)
[Eps=0.85]	/home/iiserk/sbs/solvent/6ns_sim_v2/epsilon_0.85
[Eps=0.90]	[00:12:23] Starting epsilon=0.90 (Job 8, Cores 35-39)
[Eps=0.90]	/home/iiserk/sbs/solvent/6ns_sim_v2/epsilon_0.90
[Eps=0.95]	[00:12:23] Starting epsilon=0.95 (Job 9, Cores 40-44)
[Eps=0.95]	/home/iiserk/sbs/solvent/6ns_sim_v2/epsilon_0.95
[Eps=1.0]	[00:12:23] Starting epsilon=1.0 (Job 10, Cores 45-49)
[Eps=1.0]	/home/iiserk/sbs/solvent/6ns_sim_v2/epsilon_1.0
[Eps=1.05]	[00:12:23] Starting epsilon=1.05 (Job 11, Cores 50-54)
[Eps=1.05]	/home/iiserk/sbs/solvent/6ns_sim_v2/epsilon_1.05
[Eps=1.10]	[00:12:23] Starting epsilon=1.10 (Job 12, Cores 55-59)
[Eps=1.10]	/home/iiserk/sbs/solvent/6ns_sim_v2/epsilon_1.10
[Eps=0.60]	[19:16:45] ✗ FAILED: epsilon=0.60 (exit code: 1)
[Eps=0.60]	  Error details:
[Eps=0.60]	    Cuda driver error 4 in call at file '/home/iiserk/sbs/solvent/mylammps_v2/lib/gpu/geryon/nvd_timer.h' in line 99.
[Eps=0.60]	    Cuda driver error 4 in call at file '/home/iiserk/sbs/solvent/mylammps_v2/lib/gpu/geryon/nvd_timer.h' in line 98.
[Eps=0.60]	    Cuda driver error 4 in call at file '/home/iiserk/sbs/solvent/mylammps_v2/lib/gpu/geryon/nvd_timer.h' in line 99.
[Eps=0.65]	[19:20:19] ✗ FAILED: epsilon=0.65 (exit code: 1)
[Eps=0.65]	  Error details:
[Eps=0.65]	    Cuda driver error 4 in call at file '/home/iiserk/sbs/solvent/mylammps_v2/lib/gpu/geryon/nvd_timer.h' in line 99.
[Eps=0.65]	    Cuda driver error 4 in call at file '/home/iiserk/sbs/solvent/mylammps_v2/lib/gpu/geryon/nvd_timer.h' in line 98.
[Eps=0.65]	    Cuda driver error 4 in call at file '/home/iiserk/sbs/solvent/mylammps_v2/lib/gpu/geryon/nvd_timer.h' in line 99.
[Eps=0.90]	[19:20:45] ✗ FAILED: epsilon=0.90 (exit code: 1)
[Eps=0.90]	  Error details:
[Eps=0.90]	    Cuda driver error 4 in call at file '/home/iiserk/sbs/solvent/mylammps_v2/lib/gpu/geryon/nvd_timer.h' in line 99.
[Eps=0.90]	    Cuda driver error 4 in call at file '/home/iiserk/sbs/solvent/mylammps_v2/lib/gpu/geryon/nvd_timer.h' in line 98.
[Eps=0.90]	    Cuda driver error 4 in call at file '/home/iiserk/sbs/solvent/mylammps_v2/lib/gpu/geryon/nvd_timer.h' in line 99.
[Eps=0.95]	[19:21:36] ✗ FAILED: epsilon=0.95 (exit code: 1)
[Eps=0.95]	  Error details:
[Eps=0.95]	    Cuda driver error 4 in call at file '/home/iiserk/sbs/solvent/mylammps_v2/lib/gpu/geryon/nvd_timer.h' in line 99.
[Eps=0.95]	    Cuda driver error 4 in call at file '/home/iiserk/sbs/solvent/mylammps_v2/lib/gpu/geryon/nvd_timer.h' in line 98.
[Eps=0.95]	    Cuda driver error 4 in call at file '/home/iiserk/sbs/solvent/mylammps_v2/lib/gpu/geryon/nvd_timer.h' in line 99.
[Eps=0.75]	[19:39:29] ✗ FAILED: epsilon=0.75 (exit code: 1)
[Eps=0.75]	  Error details:
[Eps=0.75]	    Cuda driver error 4 in call at file '/home/iiserk/sbs/solvent/mylammps_v2/lib/gpu/geryon/nvd_timer.h' in line 99.
[Eps=0.75]	    Cuda driver error 4 in call at file '/home/iiserk/sbs/solvent/mylammps_v2/lib/gpu/geryon/nvd_timer.h' in line 98.
[Eps=0.75]	    Cuda driver error 4 in call at file '/home/iiserk/sbs/solvent/mylammps_v2/lib/gpu/geryon/nvd_timer.h' in line 99.
[Eps=1.10]	[19:39:53] ✗ FAILED: epsilon=1.10 (exit code: 1)
[Eps=1.10]	  Error details:
[Eps=1.10]	    Cuda driver error 4 in call at file '/home/iiserk/sbs/solvent/mylammps_v2/lib/gpu/geryon/nvd_timer.h' in line 99.
[Eps=1.10]	    Cuda driver error 4 in call at file '/home/iiserk/sbs/solvent/mylammps_v2/lib/gpu/geryon/nvd_timer.h' in line 98.
[Eps=1.10]	    Cuda driver error 4 in call at file '/home/iiserk/sbs/solvent/mylammps_v2/lib/gpu/geryon/nvd_timer.h' in line 99.
[Eps=0.80]	[19:40:47] ✗ FAILED: epsilon=0.80 (exit code: 1)
[Eps=0.80]	  Error details:
[Eps=0.80]	    Cuda driver error 4 in call at file '/home/iiserk/sbs/solvent/mylammps_v2/lib/gpu/geryon/nvd_timer.h' in line 99.
[Eps=0.80]	    Cuda driver error 4 in call at file '/home/iiserk/sbs/solvent/mylammps_v2/lib/gpu/geryon/nvd_timer.h' in line 98.
[Eps=0.80]	    Cuda driver error 4 in call at file '/home/iiserk/sbs/solvent/mylammps_v2/lib/gpu/geryon/nvd_timer.h' in line 99.
[Eps=0.55]	[19:53:06] ✗ FAILED: epsilon=0.55 (exit code: 1)
[Eps=0.55]	  Error details:
[Eps=0.55]	    Cuda driver error 4 in call at file '/home/iiserk/sbs/solvent/mylammps_v2/lib/gpu/geryon/nvd_timer.h' in line 99.
[Eps=0.55]	    Cuda driver error 4 in call at file '/home/iiserk/sbs/solvent/mylammps_v2/lib/gpu/geryon/nvd_timer.h' in line 98.
[Eps=0.55]	    Cuda driver error 4 in call at file '/home/iiserk/sbs/solvent/mylammps_v2/lib/gpu/geryon/nvd_timer.h' in line 99.
[Eps=0.85]	[19:53:37] ✗ FAILED: epsilon=0.85 (exit code: 1)
[Eps=0.85]	  Error details:
[Eps=0.85]	    Cuda driver error 4 in call at file '/home/iiserk/sbs/solvent/mylammps_v2/lib/gpu/geryon/nvd_timer.h' in line 99.
[Eps=0.85]	    Cuda driver error 4 in call at file '/home/iiserk/sbs/solvent/mylammps_v2/lib/gpu/geryon/nvd_timer.h' in line 98.
[Eps=0.85]	    Cuda driver error 4 in call at file '/home/iiserk/sbs/solvent/mylammps_v2/lib/gpu/geryon/nvd_timer.h' in line 99.
[Eps=1.05]	[19:54:20] ✗ FAILED: epsilon=1.05 (exit code: 1)
[Eps=1.05]	  Error details:
[Eps=1.05]	    Cuda driver error 4 in call at file '/home/iiserk/sbs/solvent/mylammps_v2/lib/gpu/geryon/nvd_timer.h' in line 99.
[Eps=1.05]	    Cuda driver error 4 in call at file '/home/iiserk/sbs/solvent/mylammps_v2/lib/gpu/geryon/nvd_timer.h' in line 98.
[Eps=1.05]	    Cuda driver error 4 in call at file '/home/iiserk/sbs/solvent/mylammps_v2/lib/gpu/geryon/nvd_timer.h' in line 99.
[Eps=1.0]	[20:07:07] ✗ FAILED: epsilon=1.0 (exit code: 1)
[Eps=1.0]	  Error details:
[Eps=1.0]	    Cuda driver error 4 in call at file '/home/iiserk/sbs/solvent/mylammps_v2/lib/gpu/geryon/nvd_timer.h' in line 99.
[Eps=1.0]	    Cuda driver error 4 in call at file '/home/iiserk/sbs/solvent/mylammps_v2/lib/gpu/geryon/nvd_timer.h' in line 98.
[Eps=1.0]	    Cuda driver error 4 in call at file '/home/iiserk/sbs/solvent/mylammps_v2/lib/gpu/geryon/nvd_timer.h' in line 99.
[Eps=0.70]	[21:42:29] ✗ FAILED: epsilon=0.70 (exit code: 1)
[Eps=0.70]	  Error details:
[Eps=0.70]	    Cuda driver error 4 in call at file '/home/iiserk/sbs/solvent/mylammps_v2/lib/gpu/geryon/nvd_timer.h' in line 99.
[Eps=0.70]	    Cuda driver error 4 in call at file '/home/iiserk/sbs/solvent/mylammps_v2/lib/gpu/geryon/nvd_timer.h' in line 98.
[Eps=0.70]	    Cuda driver error 4 in call at file '/home/iiserk/sbs/solvent/mylammps_v2/lib/gpu/geryon/nvd_timer.h' in line 99.

╔════════════════════════════════════════════════════════════════════════════╗
║                    CORRECTED SIMULATION SUMMARY                            ║
╚════════════════════════════════════════════════════════════════════════════╝
Total elapsed time: 1290m 7s

Results:
─────────────────────────────────────────────────────────────────────────────
grep: epsilon_0.55/equilibration.log: binary file matches
(standard_in) 1: illegal character: :
(standard_in) 1: illegal character: :
  ⚠ ε = 0.55: COMPLETED (ρ = density: g/cm³ - CHECK VALIDITY)
grep: epsilon_0.60/equilibration.log: binary file matches
(standard_in) 1: illegal character: :
(standard_in) 1: illegal character: :
  ⚠ ε = 0.60: COMPLETED (ρ = density: g/cm³ - CHECK VALIDITY)
grep: epsilon_0.65/equilibration.log: binary file matches
(standard_in) 1: illegal character: :
(standard_in) 1: illegal character: :
  ⚠ ε = 0.65: COMPLETED (ρ = density: g/cm³ - CHECK VALIDITY)
grep: epsilon_0.70/equilibration.log: binary file matches
(standard_in) 1: illegal character: :
(standard_in) 1: illegal character: :
  ⚠ ε = 0.70: COMPLETED (ρ = density: g/cm³ - CHECK VALIDITY)
grep: epsilon_0.75/equilibration.log: binary file matches
(standard_in) 1: illegal character: :
(standard_in) 1: illegal character: :
  ⚠ ε = 0.75: COMPLETED (ρ = density: g/cm³ - CHECK VALIDITY)
grep: epsilon_0.80/equilibration.log: binary file matches
(standard_in) 1: illegal character: :
(standard_in) 1: illegal character: :
  ⚠ ε = 0.80: COMPLETED (ρ = density: g/cm³ - CHECK VALIDITY)
grep: epsilon_0.85/equilibration.log: binary file matches
(standard_in) 1: illegal character: :
(standard_in) 1: illegal character: :
  ⚠ ε = 0.85: COMPLETED (ρ = density: g/cm³ - CHECK VALIDITY)
grep: epsilon_0.90/equilibration.log: binary file matches
(standard_in) 1: illegal character: :
(standard_in) 1: illegal character: :
  ⚠ ε = 0.90: COMPLETED (ρ = density: g/cm³ - CHECK VALIDITY)
grep: epsilon_0.95/equilibration.log: binary file matches
(standard_in) 1: illegal character: :
(standard_in) 1: illegal character: :
  ⚠ ε = 0.95: COMPLETED (ρ = density: g/cm³ - CHECK VALIDITY)
grep: epsilon_1.0/equilibration.log: binary file matches
(standard_in) 1: illegal character: :
(standard_in) 1: illegal character: :
  ⚠ ε = 1.0: COMPLETED (ρ = density: g/cm³ - CHECK VALIDITY)
grep: epsilon_1.05/equilibration.log: binary file matches
(standard_in) 1: illegal character: :
(standard_in) 1: illegal character: :
  ⚠ ε = 1.05: COMPLETED (ρ = density: g/cm³ - CHECK VALIDITY)
grep: epsilon_1.10/equilibration.log: binary file matches
(standard_in) 1: illegal character: :
(standard_in) 1: illegal character: :
  ⚠ ε = 1.10: COMPLETED (ρ = density: g/cm³ - CHECK VALIDITY)
─────────────────────────────────────────────────────────────────────────────

⚠️  SOME SIMULATIONS NEED ATTENTION

Troubleshooting:
  1. Check equilibration logs: cat epsilon_X.XX/equilibration.log
  2. Check LAMMPS output:      cat epsilon_X.XX/equil_run.out
  3. Verify GPU availability: nvidia-smi
  4. Check system resources:  free -h

════════════════════════════════════════════════════════════════════════════

Analysis and comparison commands:
  # Validate one epsilon manually
  head -20 epsilon_0.05/production_thermo.dat

  # Compare densities across all epsilon
  for eps in 0.55 0.60 0.65 0.70 0.75 0.80 0.85 0.90 0.95 1.0 1.05 1.10; do
    dens=$(grep 'Current density:' epsilon_$eps/equilibration.log | tail -1 | awk '{print $3}')
    echo "ε=$eps: ρ=$dens g/cm³"
  done

════════════════════════════════════════════════════════════════════════════
